// Jest Snapshot v1, https://goo.gl/fbAQLP

exports[`renders Tabs correctly 1`] = `
<styled.div
  id="modal-overlay"
  onClick={[Function]}
>
  <CustomModalContent
    handleCloseModal={[MockFunction]}
    id="modal-content"
    title="I am a modal title"
  >
    I am a modal content!
  </CustomModalContent>
</styled.div>
`;
