// Jest Snapshot v1, https://goo.gl/fbAQLP

exports[`renders header correctly 1`] = `
.c0 {
  background-color: #ffffff;
  border-bottom: 1px solid #D8D8D8;
  position: relative;
  padding: 10px 15px;
  display: -webkit-box;
  display: -webkit-flex;
  display: -ms-flexbox;
  display: flex;
  height: 40px;
  z-index: 98;
  -webkit-box-pack: justify;
  -webkit-justify-content: space-between;
  -ms-flex-pack: justify;
  justify-content: space-between;
}

<CustomHeader
  className="c0"
  logo="Brand"
  theme={
    Object {
      "blackColor": "#000000",
      "darkBlueColor": "#02469B",
      "darkGrayColor": "#4A4A4A",
      "darkestBlueColor": "#02254D",
      "darkestGrayColor": "#303030",
      "greenColor": "#76B041",
      "lightBlueColor": "#0190D0",
      "lightGrayColor": "#D8D8D8",
      "lightestBlueColor": "#00FEFE",
      "mediumGrayColor": "#979797",
      "primaryColor": "#1676B7",
      "secondaryColor": "#17BEBB",
      "whiteBackgroundColor": "#fdfdfd",
      "whiteColor": "#ffffff",
      "yellowColor": "#FFC914",
    }
  }
  user="John Doe"
/>
`;
