// Jest Snapshot v1, https://goo.gl/fbAQLP

exports[`renders header correctly 1`] = `
<StyledComponent
  forwardedClass={
    Object {
      "$$typeof": Symbol(react.forward_ref),
      "attrs": Array [],
      "componentStyle": ComponentStyle {
        "componentId": "sc-bwzfXH",
        "isStatic": false,
        "rules": Array [
          "
  background-color: ",
          [Function],
          ";
  border-bottom: 1px solid ",
          [Function],
          ";
  position: relative;
  padding: 10px 15px;
  display: flex;
  height: 40px;
  z-index: 98;
  justify-content: space-between;
",
        ],
      },
      "defaultProps": Object {
        "logo": "Brand",
        "theme": Object {
          "blackColor": "#000000",
          "darkBlueColor": "#02469B",
          "darkGrayColor": "#4A4A4A",
          "darkestBlueColor": "#02254D",
          "darkestGrayColor": "#303030",
          "greenColor": "#76B041",
          "lightBlueColor": "#0190D0",
          "lightGrayColor": "#D8D8D8",
          "lightestBlueColor": "#00FEFE",
          "mediumGrayColor": "#979797",
          "primaryColor": "#1676B7",
          "secondaryColor": "#17BEBB",
          "whiteBackgroundColor": "#fdfdfd",
          "whiteColor": "#ffffff",
          "yellowColor": "#FFC914",
        },
      },
      "displayName": "Styled(CustomHeader)",
      "propTypes": Object {
        "backgroundColor": [Function],
        "headerCustomRight": [Function],
        "logo": [Function],
        "theme": [Function],
        "user": [Function],
      },
      "render": [Function],
      "styledComponentId": "sc-bwzfXH",
      "target": [Function],
      "toString": [Function],
      "warnTooManyClasses": [Function],
      "withComponent": [Function],
      Symbol(Symbol.hasInstance): [Function],
    }
  }
  forwardedRef={null}
  logo="Brand"
  theme={
    Object {
      "blackColor": "#000000",
      "darkBlueColor": "#02469B",
      "darkGrayColor": "#4A4A4A",
      "darkestBlueColor": "#02254D",
      "darkestGrayColor": "#303030",
      "greenColor": "#76B041",
      "lightBlueColor": "#0190D0",
      "lightGrayColor": "#D8D8D8",
      "lightestBlueColor": "#00FEFE",
      "mediumGrayColor": "#979797",
      "primaryColor": "#1676B7",
      "secondaryColor": "#17BEBB",
      "whiteBackgroundColor": "#fdfdfd",
      "whiteColor": "#ffffff",
      "yellowColor": "#FFC914",
    }
  }
/>
`;
