// Jest Snapshot v1, https://goo.gl/fbAQLP

exports[`renders List with ListItems correctly 1`] = `
<StyledComponent
  forwardedClass={
    Object {
      "$$typeof": Symbol(react.forward_ref),
      "attrs": Array [],
      "componentStyle": ComponentStyle {
        "componentId": "sc-bwzfXH",
        "isStatic": false,
        "lastClassName": "daEYVW",
        "rules": Array [
          "
  list-style: none;
  margin: 0;
  padding: 0px;

  > li {
    display: flex;
    justify-content: flex-start;
    ",
          [Function],
          "
    ",
          [Function],
          "
    ",
          [Function],
          "
    ",
          [Function],
          "
  }
",
        ],
      },
      "displayName": "styled.ul",
      "propTypes": Object {
        "center": [Function],
        "end": [Function],
        "spaceAround": [Function],
        "spaceBetween": [Function],
      },
      "render": [Function],
      "styledComponentId": "sc-bwzfXH",
      "target": "ul",
      "toString": [Function],
      "warnTooManyClasses": [Function],
      "withComponent": [Function],
    }
  }
  forwardedRef={null}
>
  <styled.li
    theme={
      Object {
        "blackColor": "#000000",
        "darkBlueColor": "#02469B",
        "darkGrayColor": "#4A4A4A",
        "darkestBlueColor": "#02254D",
        "darkestGrayColor": "#303030",
        "greenColor": "#76B041",
        "lightBlueColor": "#0190D0",
        "lightGrayColor": "#D8D8D8",
        "lightestBlueColor": "#00FEFE",
        "mediumGrayColor": "#979797",
        "primaryColor": "#1676B7",
        "secondaryColor": "#17BEBB",
        "whiteBackgroundColor": "#fdfdfd",
        "whiteColor": "#ffffff",
        "yellowColor": "#FFC914",
      }
    }
  >
    1
  </styled.li>
  <styled.li
    theme={
      Object {
        "blackColor": "#000000",
        "darkBlueColor": "#02469B",
        "darkGrayColor": "#4A4A4A",
        "darkestBlueColor": "#02254D",
        "darkestGrayColor": "#303030",
        "greenColor": "#76B041",
        "lightBlueColor": "#0190D0",
        "lightGrayColor": "#D8D8D8",
        "lightestBlueColor": "#00FEFE",
        "mediumGrayColor": "#979797",
        "primaryColor": "#1676B7",
        "secondaryColor": "#17BEBB",
        "whiteBackgroundColor": "#fdfdfd",
        "whiteColor": "#ffffff",
        "yellowColor": "#FFC914",
      }
    }
  >
    2
  </styled.li>
  <styled.li
    theme={
      Object {
        "blackColor": "#000000",
        "darkBlueColor": "#02469B",
        "darkGrayColor": "#4A4A4A",
        "darkestBlueColor": "#02254D",
        "darkestGrayColor": "#303030",
        "greenColor": "#76B041",
        "lightBlueColor": "#0190D0",
        "lightGrayColor": "#D8D8D8",
        "lightestBlueColor": "#00FEFE",
        "mediumGrayColor": "#979797",
        "primaryColor": "#1676B7",
        "secondaryColor": "#17BEBB",
        "whiteBackgroundColor": "#fdfdfd",
        "whiteColor": "#ffffff",
        "yellowColor": "#FFC914",
      }
    }
  >
    3
  </styled.li>
</StyledComponent>
`;
